Archive member included to satisfy reference by file (symbol)

c:/st/stm32cubeide_1.9.0/stm32cubeide/plugins/com.st.stm32cube.ide.mcu.externaltools.gnu-tools-for-stm32.10.3-2021.10.win32_1.0.0.202111181127/tools/bin/../lib/gcc/arm-none-eabi/10.3.1/../../../../arm-none-eabi/lib/thumb/v7e-m+fp/hard\libc_nano.a(lib_a-errno.o)
                              ./Core/Src/syscalls.o (__errno)
c:/st/stm32cubeide_1.9.0/stm32cubeide/plugins/com.st.stm32cube.ide.mcu.externaltools.gnu-tools-for-stm32.10.3-2021.10.win32_1.0.0.202111181127/tools/bin/../lib/gcc/arm-none-eabi/10.3.1/../../../../arm-none-eabi/lib/thumb/v7e-m+fp/hard\libc_nano.a(lib_a-exit.o)
                              c:/st/stm32cubeide_1.9.0/stm32cubeide/plugins/com.st.stm32cube.ide.mcu.externaltools.gnu-tools-for-stm32.10.3-2021.10.win32_1.0.0.202111181127/tools/bin/../lib/gcc/arm-none-eabi/10.3.1/../../../../arm-none-eabi/lib/thumb/v7e-m+fp/hard/crt0.o (exit)
c:/st/stm32cubeide_1.9.0/stm32cubeide/plugins/com.st.stm32cube.ide.mcu.externaltools.gnu-tools-for-stm32.10.3-2021.10.win32_1.0.0.202111181127/tools/bin/../lib/gcc/arm-none-eabi/10.3.1/../../../../arm-none-eabi/lib/thumb/v7e-m+fp/hard\libc_nano.a(lib_a-impure.o)
                              c:/st/stm32cubeide_1.9.0/stm32cubeide/plugins/com.st.stm32cube.ide.mcu.externaltools.gnu-tools-for-stm32.10.3-2021.10.win32_1.0.0.202111181127/tools/bin/../lib/gcc/arm-none-eabi/10.3.1/../../../../arm-none-eabi/lib/thumb/v7e-m+fp/hard\libc_nano.a(lib_a-exit.o) (_global_impure_ptr)
c:/st/stm32cubeide_1.9.0/stm32cubeide/plugins/com.st.stm32cube.ide.mcu.externaltools.gnu-tools-for-stm32.10.3-2021.10.win32_1.0.0.202111181127/tools/bin/../lib/gcc/arm-none-eabi/10.3.1/../../../../arm-none-eabi/lib/thumb/v7e-m+fp/hard\libc_nano.a(lib_a-init.o)
                              c:/st/stm32cubeide_1.9.0/stm32cubeide/plugins/com.st.stm32cube.ide.mcu.externaltools.gnu-tools-for-stm32.10.3-2021.10.win32_1.0.0.202111181127/tools/bin/../lib/gcc/arm-none-eabi/10.3.1/../../../../arm-none-eabi/lib/thumb/v7e-m+fp/hard/crt0.o (__libc_init_array)
c:/st/stm32cubeide_1.9.0/stm32cubeide/plugins/com.st.stm32cube.ide.mcu.externaltools.gnu-tools-for-stm32.10.3-2021.10.win32_1.0.0.202111181127/tools/bin/../lib/gcc/arm-none-eabi/10.3.1/../../../../arm-none-eabi/lib/thumb/v7e-m+fp/hard\libc_nano.a(lib_a-memset.o)
                              c:/st/stm32cubeide_1.9.0/stm32cubeide/plugins/com.st.stm32cube.ide.mcu.externaltools.gnu-tools-for-stm32.10.3-2021.10.win32_1.0.0.202111181127/tools/bin/../lib/gcc/arm-none-eabi/10.3.1/../../../../arm-none-eabi/lib/thumb/v7e-m+fp/hard/crt0.o (memset)
c:/st/stm32cubeide_1.9.0/stm32cubeide/plugins/com.st.stm32cube.ide.mcu.externaltools.gnu-tools-for-stm32.10.3-2021.10.win32_1.0.0.202111181127/tools/bin/../lib/gcc/arm-none-eabi/10.3.1/../../../../arm-none-eabi/lib/thumb/v7e-m+fp/hard\libc_nano.a(lib_a-strlen.o)
                              ./Core/Src/main.o (strlen)
c:/st/stm32cubeide_1.9.0/stm32cubeide/plugins/com.st.stm32cube.ide.mcu.externaltools.gnu-tools-for-stm32.10.3-2021.10.win32_1.0.0.202111181127/tools/bin/../lib/gcc/arm-none-eabi/10.3.1/../../../../arm-none-eabi/lib/thumb/v7e-m+fp/hard\libc_nano.a(lib_a-strncat.o)
                              ./Core/Src/main.o (strncat)
c:/st/stm32cubeide_1.9.0/stm32cubeide/plugins/com.st.stm32cube.ide.mcu.externaltools.gnu-tools-for-stm32.10.3-2021.10.win32_1.0.0.202111181127/tools/bin/../lib/gcc/arm-none-eabi/10.3.1/thumb/v7e-m+fp/hard\libgcc.a(_arm_muldf3.o)
                              ./Core/Src/main.o (__aeabi_dmul)
c:/st/stm32cubeide_1.9.0/stm32cubeide/plugins/com.st.stm32cube.ide.mcu.externaltools.gnu-tools-for-stm32.10.3-2021.10.win32_1.0.0.202111181127/tools/bin/../lib/gcc/arm-none-eabi/10.3.1/thumb/v7e-m+fp/hard\libgcc.a(_arm_addsubdf3.o)
                              ./Core/Src/main.o (__aeabi_dadd)
c:/st/stm32cubeide_1.9.0/stm32cubeide/plugins/com.st.stm32cube.ide.mcu.externaltools.gnu-tools-for-stm32.10.3-2021.10.win32_1.0.0.202111181127/tools/bin/../lib/gcc/arm-none-eabi/10.3.1/thumb/v7e-m+fp/hard\libgcc.a(_arm_muldivdf3.o)
                              ./Core/Src/main.o (__aeabi_ddiv)
c:/st/stm32cubeide_1.9.0/stm32cubeide/plugins/com.st.stm32cube.ide.mcu.externaltools.gnu-tools-for-stm32.10.3-2021.10.win32_1.0.0.202111181127/tools/bin/../lib/gcc/arm-none-eabi/10.3.1/thumb/v7e-m+fp/hard\libgcc.a(_aeabi_uldivmod.o)
                              ./Drivers/STM32F4xx_HAL_Driver/Src/stm32f4xx_hal_rcc.o (__aeabi_uldivmod)
c:/st/stm32cubeide_1.9.0/stm32cubeide/plugins/com.st.stm32cube.ide.mcu.externaltools.gnu-tools-for-stm32.10.3-2021.10.win32_1.0.0.202111181127/tools/bin/../lib/gcc/arm-none-eabi/10.3.1/thumb/v7e-m+fp/hard\libgcc.a(_udivmoddi4.o)
                              c:/st/stm32cubeide_1.9.0/stm32cubeide/plugins/com.st.stm32cube.ide.mcu.externaltools.gnu-tools-for-stm32.10.3-2021.10.win32_1.0.0.202111181127/tools/bin/../lib/gcc/arm-none-eabi/10.3.1/thumb/v7e-m+fp/hard\libgcc.a(_aeabi_uldivmod.o) (__udivmoddi4)
[...]
Memory Configuration

Name             Origin             Length             Attributes
RAM              0x0000000020000000 0x0000000000020000 xrw
FLASH            0x0000000008000000 0x0000000000080000 xr
*default*        0x0000000000000000 0xffffffffffffffff

Linker script and memory map

LOAD c:/st/stm32cubeide_1.9.0/stm32cubeide/plugins/com.st.stm32cube.ide.mcu.externaltools.gnu-tools-for-stm32.10.3-2021.10.win32_1.0.0.202111181127/tools/bin/../lib/gcc/arm-none-eabi/10.3.1/thumb/v7e-m+fp/hard/crti.o
LOAD c:/st/stm32cubeide_1.9.0/stm32cubeide/plugins/com.st.stm32cube.ide.mcu.externaltools.gnu-tools-for-stm32.10.3-2021.10.win32_1.0.0.202111181127/tools/bin/../lib/gcc/arm-none-eabi/10.3.1/thumb/v7e-m+fp/hard/crtbegin.o
LOAD c:/st/stm32cubeide_1.9.0/stm32cubeide/plugins/com.st.stm32cube.ide.mcu.externaltools.gnu-tools-for-stm32.10.3-2021.10.win32_1.0.0.202111181127/tools/bin/../lib/gcc/arm-none-eabi/10.3.1/../../../../arm-none-eabi/lib/thumb/v7e-m+fp/hard/crt0.o
LOAD ./Core/Src/main.o
LOAD ./Core/Src/stm32f4xx_hal_msp.o
LOAD ./Core/Src/stm32f4xx_it.o
LOAD ./Core/Src/syscalls.o
LOAD ./Core/Src/sysmem.o
LOAD ./Core/Src/system_stm32f4xx.o
LOAD ./Core/Startup/startup_stm32f446retx.o
LOAD ./Drivers/STM32F4xx_HAL_Driver/Src/stm32f4xx_hal.o
LOAD ./Drivers/STM32F4xx_HAL_Driver/Src/stm32f4xx_hal_cortex.o
LOAD ./Drivers/STM32F4xx_HAL_Driver/Src/stm32f4xx_hal_dma.o
LOAD ./Drivers/STM32F4xx_HAL_Driver/Src/stm32f4xx_hal_dma_ex.o
LOAD ./Drivers/STM32F4xx_HAL_Driver/Src/stm32f4xx_hal_exti.o
LOAD ./Drivers/STM32F4xx_HAL_Driver/Src/stm32f4xx_hal_flash.o
LOAD ./Drivers/STM32F4xx_HAL_Driver/Src/stm32f4xx_hal_flash_ex.o
LOAD ./Drivers/STM32F4xx_HAL_Driver/Src/stm32f4xx_hal_flash_ramfunc.o
LOAD ./Drivers/STM32F4xx_HAL_Driver/Src/stm32f4xx_hal_gpio.o
LOAD ./Drivers/STM32F4xx_HAL_Driver/Src/stm32f4xx_hal_pwr.o
LOAD ./Drivers/STM32F4xx_HAL_Driver/Src/stm32f4xx_hal_pwr_ex.o
LOAD ./Drivers/STM32F4xx_HAL_Driver/Src/stm32f4xx_hal_rcc.o
LOAD ./Drivers/STM32F4xx_HAL_Driver/Src/stm32f4xx_hal_rcc_ex.o
LOAD ./Drivers/STM32F4xx_HAL_Driver/Src/stm32f4xx_hal_tim.o
LOAD ./Drivers/STM32F4xx_HAL_Driver/Src/stm32f4xx_hal_tim_ex.o
LOAD ./Drivers/STM32F4xx_HAL_Driver/Src/stm32f4xx_hal_uart.o
START GROUP
LOAD c:/st/stm32cubeide_1.9.0/stm32cubeide/plugins/com.st.stm32cube.ide.mcu.externaltools.gnu-tools-for-stm32.10.3-2021.10.win32_1.0.0.202111181127/tools/bin/../lib/gcc/arm-none-eabi/10.3.1/../../../../arm-none-eabi/lib/thumb/v7e-m+fp/hard\libc_nano.a
LOAD c:/st/stm32cubeide_1.9.0/stm32cubeide/plugins/com.st.stm32cube.ide.mcu.externaltools.gnu-tools-for-stm32.10.3-2021.10.win32_1.0.0.202111181127/tools/bin/../lib/gcc/arm-none-eabi/10.3.1/../../../../arm-none-eabi/lib/thumb/v7e-m+fp/hard\libm.a
END GROUP
START GROUP
LOAD c:/st/stm32cubeide_1.9.0/stm32cubeide/plugins/com.st.stm32cube.ide.mcu.externaltools.gnu-tools-for-stm32.10.3-2021.10.win32_1.0.0.202111181127/tools/bin/../lib/gcc/arm-none-eabi/10.3.1/thumb/v7e-m+fp/hard\libgcc.a
LOAD c:/st/stm32cubeide_1.9.0/stm32cubeide/plugins/com.st.stm32cube.ide.mcu.externaltools.gnu-tools-for-stm32.10.3-2021.10.win32_1.0.0.202111181127/tools/bin/../lib/gcc/arm-none-eabi/10.3.1/../../../../arm-none-eabi/lib/thumb/v7e-m+fp/hard\libc_nano.a
END GROUP
START GROUP
LOAD c:/st/stm32cubeide_1.9.0/stm32cubeide/plugins/com.st.stm32cube.ide.mcu.externaltools.gnu-tools-for-stm32.10.3-2021.10.win32_1.0.0.202111181127/tools/bin/../lib/gcc/arm-none-eabi/10.3.1/thumb/v7e-m+fp/hard\libgcc.a
LOAD c:/st/stm32cubeide_1.9.0/stm32cubeide/plugins/com.st.stm32cube.ide.mcu.externaltools.gnu-tools-for-stm32.10.3-2021.10.win32_1.0.0.202111181127/tools/bin/../lib/gcc/arm-none-eabi/10.3.1/../../../../arm-none-eabi/lib/thumb/v7e-m+fp/hard\libc_nano.a
LOAD c:/st/stm32cubeide_1.9.0/stm32cubeide/plugins/com.st.stm32cube.ide.mcu.externaltools.gnu-tools-for-stm32.10.3-2021.10.win32_1.0.0.202111181127/tools/bin/../lib/gcc/arm-none-eabi/10.3.1/../../../../arm-none-eabi/lib/thumb/v7e-m+fp/hard\libnosys.a
END GROUP
START GROUP
LOAD c:/st/stm32cubeide_1.9.0/stm32cubeide/plugins/com.st.stm32cube.ide.mcu.externaltools.gnu-tools-for-stm32.10.3-2021.10.win32_1.0.0.202111181127/tools/bin/../lib/gcc/arm-none-eabi/10.3.1/thumb/v7e-m+fp/hard\libgcc.a
LOAD c:/st/stm32cubeide_1.9.0/stm32cubeide/plugins/com.st.stm32cube.ide.mcu.externaltools.gnu-tools-for-stm32.10.3-2021.10.win32_1.0.0.202111181127/tools/bin/../lib/gcc/arm-none-eabi/10.3.1/../../../../arm-none-eabi/lib/thumb/v7e-m+fp/hard\libc_nano.a
LOAD c:/st/stm32cubeide_1.9.0/stm32cubeide/plugins/com.st.stm32cube.ide.mcu.externaltools.gnu-tools-for-stm32.10.3-2021.10.win32_1.0.0.202111181127/tools/bin/../lib/gcc/arm-none-eabi/10.3.1/../../../../arm-none-eabi/lib/thumb/v7e-m+fp/hard\libnosys.a
END GROUP
LOAD c:/st/stm32cubeide_1.9.0/stm32cubeide/plugins/com.st.stm32cube.ide.mcu.externaltools.gnu-tools-for-stm32.10.3-2021.10.win32_1.0.0.202111181127/tools/bin/../lib/gcc/arm-none-eabi/10.3.1/thumb/v7e-m+fp/hard/crtend.o
LOAD c:/st/stm32cubeide_1.9.0/stm32cubeide/plugins/com.st.stm32cube.ide.mcu.externaltools.gnu-tools-for-stm32.10.3-2021.10.win32_1.0.0.202111181127/tools/bin/../lib/gcc/arm-none-eabi/10.3.1/thumb/v7e-m+fp/hard/crtn.o
                0x0000000020020000                _estack = (ORIGIN (RAM) + LENGTH (RAM))
                0x0000000000000200                _Min_Heap_Size = 0x200
                0x0000000000000400                _Min_Stack_Size = 0x400

.isr_vector     0x0000000008000000      0x1c4
                0x0000000008000000                . = ALIGN (0x4)
 *(.isr_vector)
 .isr_vector    0x0000000008000000      0x1c4 ./Core/Startup/startup_stm32f446retx.o
                0x0000000008000000                g_pfnVectors
                0x00000000080001c4                . = ALIGN (0x4)

.text           0x00000000080001c4     0x3e24
                0x00000000080001c4                . = ALIGN (0x4)
 *(.text)
 .text          0x00000000080001c4       0x40 c:/st/stm32cubeide_1.9.0/stm32cubeide/plugins/com.st.stm32cube.ide.mcu.externaltools.gnu-tools-for-stm32.10.3-2021.10.win32_1.0.0.202111181127/tools/bin/../lib/gcc/arm-none-eabi/10.3.1/thumb/v7e-m+fp/hard/crtbegin.o
 .text          0x0000000008000204       0x10 c:/st/stm32cubeide_1.9.0/stm32cubeide/plugins/com.st.stm32cube.ide.mcu.externaltools.gnu-tools-for-stm32.10.3-2021.10.win32_1.0.0.202111181127/tools/bin/../lib/gcc/arm-none-eabi/10.3.1/../../../../arm-none-eabi/lib/thumb/v7e-m+fp/hard\libc_nano.a(lib_a-strlen.o)
                0x0000000008000204                strlen
 .text          0x0000000008000214      0x378 c:/st/stm32cubeide_1.9.0/stm32cubeide/plugins/com.st.stm32cube.ide.mcu.externaltools.gnu-tools-for-stm32.10.3-2021.10.win32_1.0.0.202111181127/tools/bin/../lib/gcc/arm-none-eabi/10.3.1/thumb/v7e-m+fp/hard\libgcc.a(_arm_addsubdf3.o)
                0x0000000008000214                __aeabi_drsub
                0x000000000800021c                __aeabi_dsub
                0x000000000800021c                __subdf3
                0x0000000008000220                __aeabi_dadd
                0x0000000008000220                __adddf3
                0x0000000008000498                __floatunsidf
                0x0000000008000498                __aeabi_ui2d
                0x00000000080004b8                __floatsidf
                0x00000000080004b8                __aeabi_i2d
                0x00000000080004dc                __aeabi_f2d
                0x00000000080004dc                __extendsfdf2
                0x0000000008000520                __floatundidf
                0x0000000008000520                __aeabi_ul2d
                0x0000000008000530                __floatdidf
                0x0000000008000530                __aeabi_l2d
 .text          0x000000000800058c      0x424 c:/st/stm32cubeide_1.9.0/stm32cubeide/plugins/com.st.stm32cube.ide.mcu.externaltools.gnu-tools-for-stm32.10.3-2021.10.win32_1.0.0.202111181127/tools/bin/../lib/gcc/arm-none-eabi/10.3.1/thumb/v7e-m+fp/hard\libgcc.a(_arm_muldivdf3.o)
                0x000000000800058c                __aeabi_dmul
                0x000000000800058c                __muldf3
                0x00000000080007e0                __divdf3
                0x00000000080007e0                __aeabi_ddiv
 .text          0x00000000080009b0       0x30 c:/st/stm32cubeide_1.9.0/stm32cubeide/plugins/com.st.stm32cube.ide.mcu.externaltools.gnu-tools-for-stm32.10.3-2021.10.win32_1.0.0.202111181127/tools/bin/../lib/gcc/arm-none-eabi/10.3.1/thumb/v7e-m+fp/hard\libgcc.a(_aeabi_uldivmod.o)
                0x00000000080009b0                __aeabi_uldivmod
 .text          0x00000000080009e0      0x2d0 c:/st/stm32cubeide_1.9.0/stm32cubeide/plugins/com.st.stm32cube.ide.mcu.externaltools.gnu-tools-for-stm32.10.3-2021.10.win32_1.0.0.202111181127/tools/bin/../lib/gcc/arm-none-eabi/10.3.1/thumb/v7e-m+fp/hard\libgcc.a(_udivmoddi4.o)
                0x00000000080009e0                __udivmoddi4
 .text          0x0000000008000cb0        0x4 c:/st/stm32cubeide_1.9.0/stm32cubeide/plugins/com.st.stm32cube.ide.mcu.externaltools.gnu-tools-for-stm32.10.3-2021.10.win32_1.0.0.202111181127/tools/bin/../lib/gcc/arm-none-eabi/10.3.1/thumb/v7e-m+fp/hard\libgcc.a(_dvmd_tls.o)
                0x0000000008000cb0                __aeabi_idiv0
                0x0000000008000cb0                __aeabi_ldiv0
 *(.text*)
 .text.main     0x0000000008000cb4       0x64 ./Core/Src/main.o
                0x0000000008000cb4                main
 .text.SystemClock_Config
                0x0000000008000d18       0xdc ./Core/Src/main.o
                0x0000000008000d18                SystemClock_Config
 .text.MX_TIM3_Init
                0x0000000008000df4       0x9c ./Core/Src/main.o
 .text.MX_TIM4_Init
                0x0000000008000e90       0x9c ./Core/Src/main.o
 .text.MX_USART2_UART_Init
                0x0000000008000f2c       0x54 ./Core/Src/main.o
 .text.MX_GPIO_Init
                0x0000000008000f80       0xdc ./Core/Src/main.o
 .text.HAL_UART_RxCpltCallback
                0x000000000800105c       0x44 ./Core/Src/main.o
                0x000000000800105c                HAL_UART_RxCpltCallback
 .text.y_string_init
                0x00000000080010a0       0x4c ./Core/Src/main.o
                0x00000000080010a0                y_string_init
 .text.line_recieved_handle
                0x00000000080010ec      0x248 ./Core/Src/main.o
                0x00000000080010ec                line_recieved_handle
 .text.setting_recieved_handle
                0x0000000008001334       0x94 ./Core/Src/main.o
                0x0000000008001334                setting_recieved_handle
 .text.Error_Handler
                0x00000000080013c8        0xa ./Core/Src/main.o
                0x00000000080013c8                Error_Handler
 *fill*         0x00000000080013d2        0x2 
 .text.HAL_MspInit
                0x00000000080013d4       0x50 ./Core/Src/stm32f4xx_hal_msp.o
                0x00000000080013d4                HAL_MspInit
 .text.HAL_TIM_Base_MspInit
                0x0000000008001424       0x70 ./Core/Src/stm32f4xx_hal_msp.o
                0x0000000008001424                HAL_TIM_Base_MspInit
 .text.HAL_UART_MspInit
                0x0000000008001494       0xa0 ./Core/Src/stm32f4xx_hal_msp.o
                0x0000000008001494                HAL_UART_MspInit
 .text.NMI_Handler
                0x0000000008001534        0x6 ./Core/Src/stm32f4xx_it.o
                0x0000000008001534                NMI_Handler
 .text.HardFault_Handler
                0x000000000800153a        0x6 ./Core/Src/stm32f4xx_it.o
                0x000000000800153a                HardFault_Handler
 .text.MemManage_Handler
                0x0000000008001540        0x6 ./Core/Src/stm32f4xx_it.o
                0x0000000008001540                MemManage_Handler
 .text.BusFault_Handler
                0x0000000008001546        0x6 ./Core/Src/stm32f4xx_it.o
                0x0000000008001546                BusFault_Handler
 .text.UsageFault_Handler
                0x000000000800154c        0x6 ./Core/Src/stm32f4xx_it.o
                0x000000000800154c                UsageFault_Handler
 .text.SVC_Handler
                0x0000000008001552        0xe ./Core/Src/stm32f4xx_it.o
                0x0000000008001552                SVC_Handler
 .text.DebugMon_Handler
                0x0000000008001560        0xe ./Core/Src/stm32f4xx_it.o
                0x0000000008001560                DebugMon_Handler
 .text.PendSV_Handler
                0x000000000800156e        0xe ./Core/Src/stm32f4xx_it.o
                0x000000000800156e                PendSV_Handler
 .text.SysTick_Handler
                0x000000000800157c        0xc ./Core/Src/stm32f4xx_it.o
                0x000000000800157c                SysTick_Handler
 .text.USART2_IRQHandler
                0x0000000008001588       0x14 ./Core/Src/stm32f4xx_it.o
                0x0000000008001588                USART2_IRQHandler
 .text.SystemInit
                0x000000000800159c       0x24 ./Core/Src/system_stm32f4xx.o
                0x000000000800159c                SystemInit
 .text.Reset_Handler
                0x00000000080015c0       0x50 ./Core/Startup/startup_stm32f446retx.o
                0x00000000080015c0                Reset_Handler
 .text.Default_Handler
                0x0000000008001610        0x2 ./Core/Startup/startup_stm32f446retx.o
                0x0000000008001610                RTC_Alarm_IRQHandler
                0x0000000008001610                EXTI2_IRQHandler
                0x0000000008001610                TIM8_CC_IRQHandler
                0x0000000008001610                FMPI2C1_EV_IRQHandler
                0x0000000008001610                SPI4_IRQHandler
                0x0000000008001610                TIM1_CC_IRQHandler
                0x0000000008001610                DMA2_Stream5_IRQHandler
                0x0000000008001610                DMA1_Stream5_IRQHandler
                0x0000000008001610                PVD_IRQHandler
                0x0000000008001610                SDIO_IRQHandler
                0x0000000008001610                TAMP_STAMP_IRQHandler
                0x0000000008001610                CAN2_RX1_IRQHandler
                0x0000000008001610                EXTI3_IRQHandler
                0x0000000008001610                TIM8_TRG_COM_TIM14_IRQHandler
                0x0000000008001610                TIM1_UP_TIM10_IRQHandler
                0x0000000008001610                TIM8_UP_TIM13_IRQHandler
                0x0000000008001610                I2C3_ER_IRQHandler
                0x0000000008001610                EXTI0_IRQHandler
                0x0000000008001610                I2C2_EV_IRQHandler
                0x0000000008001610                DMA1_Stream2_IRQHandler
                0x0000000008001610                CAN1_RX0_IRQHandler
                0x0000000008001610                FPU_IRQHandler
                0x0000000008001610                OTG_HS_WKUP_IRQHandler
                0x0000000008001610                CAN2_SCE_IRQHandler
                0x0000000008001610                DMA2_Stream2_IRQHandler
                0x0000000008001610                SPI1_IRQHandler
                0x0000000008001610                TIM6_DAC_IRQHandler
                0x0000000008001610                TIM1_BRK_TIM9_IRQHandler
                0x0000000008001610                DCMI_IRQHandler
                0x0000000008001610                CAN2_RX0_IRQHandler
                0x0000000008001610                DMA2_Stream3_IRQHandler
                0x0000000008001610                SAI2_IRQHandler
                0x0000000008001610                USART6_IRQHandler
                0x0000000008001610                USART3_IRQHandler
                0x0000000008001610                CAN1_RX1_IRQHandler
                0x0000000008001610                UART5_IRQHandler
                0x0000000008001610                DMA2_Stream0_IRQHandler
                0x0000000008001610                TIM4_IRQHandler
                0x0000000008001610                QUADSPI_IRQHandler
                0x0000000008001610                I2C1_EV_IRQHandler
                0x0000000008001610                DMA1_Stream6_IRQHandler
                0x0000000008001610                DMA1_Stream1_IRQHandler
                0x0000000008001610                UART4_IRQHandler
                0x0000000008001610                TIM3_IRQHandler
                0x0000000008001610                RCC_IRQHandler
                0x0000000008001610                TIM8_BRK_TIM12_IRQHandler
                0x0000000008001610                Default_Handler
                0x0000000008001610                CEC_IRQHandler
                0x0000000008001610                EXTI15_10_IRQHandler
                0x0000000008001610                ADC_IRQHandler
                0x0000000008001610                DMA1_Stream7_IRQHandler
                0x0000000008001610                TIM7_IRQHandler
                0x0000000008001610                CAN2_TX_IRQHandler
                0x0000000008001610                TIM5_IRQHandler
                0x0000000008001610                DMA2_Stream7_IRQHandler
                0x0000000008001610                I2C3_EV_IRQHandler
                0x0000000008001610                EXTI9_5_IRQHandler
                0x0000000008001610                RTC_WKUP_IRQHandler
                0x0000000008001610                SPDIF_RX_IRQHandler
                0x0000000008001610                SPI2_IRQHandler
                0x0000000008001610                OTG_HS_EP1_IN_IRQHandler
                0x0000000008001610                DMA1_Stream0_IRQHandler
                0x0000000008001610                CAN1_TX_IRQHandler
                0x0000000008001610                FMPI2C1_ER_IRQHandler
                0x0000000008001610                EXTI4_IRQHandler
                0x0000000008001610                OTG_HS_EP1_OUT_IRQHandler
                0x0000000008001610                WWDG_IRQHandler
                0x0000000008001610                TIM2_IRQHandler
                0x0000000008001610                OTG_FS_WKUP_IRQHandler
                0x0000000008001610                TIM1_TRG_COM_TIM11_IRQHandler
                0x0000000008001610                OTG_HS_IRQHandler
                0x0000000008001610                EXTI1_IRQHandler
                0x0000000008001610                I2C2_ER_IRQHandler
                0x0000000008001610                DMA2_Stream1_IRQHandler
                0x0000000008001610                CAN1_SCE_IRQHandler
                0x0000000008001610                FLASH_IRQHandler
                0x0000000008001610                DMA2_Stream4_IRQHandler
                0x0000000008001610                USART1_IRQHandler
                0x0000000008001610                OTG_FS_IRQHandler
                0x0000000008001610                SPI3_IRQHandler
                0x0000000008001610                DMA1_Stream4_IRQHandler
                0x0000000008001610                I2C1_ER_IRQHandler
                0x0000000008001610                FMC_IRQHandler
                0x0000000008001610                DMA2_Stream6_IRQHandler
                0x0000000008001610                SAI1_IRQHandler
                0x0000000008001610                DMA1_Stream3_IRQHandler
 *fill*         0x0000000008001612        0x2 
 .text.HAL_Init
                0x0000000008001614       0x44 ./Drivers/STM32F4xx_HAL_Driver/Src/stm32f4xx_hal.o
                0x0000000008001614                HAL_Init
 .text.HAL_InitTick
                0x0000000008001658       0x60 ./Drivers/STM32F4xx_HAL_Driver/Src/stm32f4xx_hal.o
                0x0000000008001658                HAL_InitTick
 .text.HAL_IncTick
                0x00000000080016b8       0x28 ./Drivers/STM32F4xx_HAL_Driver/Src/stm32f4xx_hal.o
                0x00000000080016b8                HAL_IncTick
 .text.HAL_GetTick
                0x00000000080016e0       0x18 ./Drivers/STM32F4xx_HAL_Driver/Src/stm32f4xx_hal.o
                0x00000000080016e0                HAL_GetTick
 .text.__NVIC_SetPriorityGrouping
                0x00000000080016f8       0x48 ./Drivers/STM32F4xx_HAL_Driver/Src/stm32f4xx_hal_cortex.o
 .text.__NVIC_GetPriorityGrouping
                0x0000000008001740       0x1c ./Drivers/STM32F4xx_HAL_Driver/Src/stm32f4xx_hal_cortex.o
 .text.__NVIC_EnableIRQ
                0x000000000800175c       0x3c ./Drivers/STM32F4xx_HAL_Driver/Src/stm32f4xx_hal_cortex.o
 .text.__NVIC_SetPriority
                0x0000000008001798       0x54 ./Drivers/STM32F4xx_HAL_Driver/Src/stm32f4xx_hal_cortex.o
 .text.NVIC_EncodePriority
                0x00000000080017ec       0x66 ./Drivers/STM32F4xx_HAL_Driver/Src/stm32f4xx_hal_cortex.o
 *fill*         0x0000000008001852        0x2 
 .text.SysTick_Config
                0x0000000008001854       0x44 ./Drivers/STM32F4xx_HAL_Driver/Src/stm32f4xx_hal_cortex.o
 .text.HAL_NVIC_SetPriorityGrouping
                0x0000000008001898       0x16 ./Drivers/STM32F4xx_HAL_Driver/Src/stm32f4xx_hal_cortex.o
                0x0000000008001898                HAL_NVIC_SetPriorityGrouping
 .text.HAL_NVIC_SetPriority
                0x00000000080018ae       0x38 ./Drivers/STM32F4xx_HAL_Driver/Src/stm32f4xx_hal_cortex.o
                0x00000000080018ae                HAL_NVIC_SetPriority
 .text.HAL_NVIC_EnableIRQ
                0x00000000080018e6       0x1c ./Drivers/STM32F4xx_HAL_Driver/Src/stm32f4xx_hal_cortex.o
                0x00000000080018e6                HAL_NVIC_EnableIRQ
 .text.HAL_SYSTICK_Config
                0x0000000008001902       0x18 ./Drivers/STM32F4xx_HAL_Driver/Src/stm32f4xx_hal_cortex.o
                0x0000000008001902                HAL_SYSTICK_Config
 .text.HAL_DMA_Abort
                0x000000000800191a       0xe0 ./Drivers/STM32F4xx_HAL_Driver/Src/stm32f4xx_hal_dma.o
                0x000000000800191a                HAL_DMA_Abort
 .text.HAL_DMA_Abort_IT
                0x00000000080019fa       0x44 ./Drivers/STM32F4xx_HAL_Driver/Src/stm32f4xx_hal_dma.o
                0x00000000080019fa                HAL_DMA_Abort_IT
 *fill*         0x0000000008001a3e        0x2 
 .text.HAL_GPIO_Init
                0x0000000008001a40      0x328 ./Drivers/STM32F4xx_HAL_Driver/Src/stm32f4xx_hal_gpio.o
                0x0000000008001a40                HAL_GPIO_Init
 .text.HAL_GPIO_WritePin
                0x0000000008001d68       0x32 ./Drivers/STM32F4xx_HAL_Driver/Src/stm32f4xx_hal_gpio.o
                0x0000000008001d68                HAL_GPIO_WritePin
 *fill*         0x0000000008001d9a        0x2 
 .text.HAL_RCC_ClockConfig
                0x0000000008001d9c      0x1cc ./Drivers/STM32F4xx_HAL_Driver/Src/stm32f4xx_hal_rcc.o
                0x0000000008001d9c                HAL_RCC_ClockConfig
 .text.HAL_RCC_GetHCLKFreq
                0x0000000008001f68       0x18 ./Drivers/STM32F4xx_HAL_Driver/Src/stm32f4xx_hal_rcc.o
                0x0000000008001f68                HAL_RCC_GetHCLKFreq
 .text.HAL_RCC_GetPCLK1Freq
                0x0000000008001f80       0x28 ./Drivers/STM32F4xx_HAL_Driver/Src/stm32f4xx_hal_rcc.o
                0x0000000008001f80                HAL_RCC_GetPCLK1Freq
 .text.HAL_RCC_GetPCLK2Freq
                0x0000000008001fa8       0x28 ./Drivers/STM32F4xx_HAL_Driver/Src/stm32f4xx_hal_rcc.o
                0x0000000008001fa8                HAL_RCC_GetPCLK2Freq
 .text.HAL_RCC_GetSysClockFreq
                0x0000000008001fd0      0x460 ./Drivers/STM32F4xx_HAL_Driver/Src/stm32f4xx_hal_rcc_ex.o
                0x0000000008001fd0                HAL_RCC_GetSysClockFreq
 .text.HAL_RCC_OscConfig
                0x0000000008002430      0x53c ./Drivers/STM32F4xx_HAL_Driver/Src/stm32f4xx_hal_rcc_ex.o
                0x0000000008002430                HAL_RCC_OscConfig
 .text.HAL_TIM_Base_Init
                0x000000000800296c       0x9e ./Drivers/STM32F4xx_HAL_Driver/Src/stm32f4xx_hal_tim.o
                0x000000000800296c                HAL_TIM_Base_Init
 *fill*         0x0000000008002a0a        0x2 
 .text.HAL_TIM_Base_Start
                0x0000000008002a0c       0xd0 ./Drivers/STM32F4xx_HAL_Driver/Src/stm32f4xx_hal_tim.o
                0x0000000008002a0c                HAL_TIM_Base_Start
 .text.HAL_TIM_ConfigClockSource
                0x0000000008002adc      0x18e ./Drivers/STM32F4xx_HAL_Driver/Src/stm32f4xx_hal_tim.o
                0x0000000008002adc                HAL_TIM_ConfigClockSource
 *fill*         0x0000000008002c6a        0x2 
 .text.TIM_Base_SetConfig
                0x0000000008002c6c      0x140 ./Drivers/STM32F4xx_HAL_Driver/Src/stm32f4xx_hal_tim.o
                0x0000000008002c6c                TIM_Base_SetConfig
 .text.TIM_TI1_ConfigInputStage
                0x0000000008002dac       0x5e ./Drivers/STM32F4xx_HAL_Driver/Src/stm32f4xx_hal_tim.o
 .text.TIM_TI2_ConfigInputStage
                0x0000000008002e0a       0x60 ./Drivers/STM32F4xx_HAL_Driver/Src/stm32f4xx_hal_tim.o
 .text.TIM_ITRx_SetConfig
                0x0000000008002e6a       0x36 ./Drivers/STM32F4xx_HAL_Driver/Src/stm32f4xx_hal_tim.o
 .text.TIM_ETR_SetConfig
                0x0000000008002ea0       0x40 ./Drivers/STM32F4xx_HAL_Driver/Src/stm32f4xx_hal_tim.o
                0x0000000008002ea0                TIM_ETR_SetConfig
 .text.HAL_TIMEx_MasterConfigSynchronization
                0x0000000008002ee0       0xf8 ./Drivers/STM32F4xx_HAL_Driver/Src/stm32f4xx_hal_tim_ex.o
                0x0000000008002ee0                HAL_TIMEx_MasterConfigSynchronization
 .text.HAL_UART_Init
                0x0000000008002fd8       0x9a ./Drivers/STM32F4xx_HAL_Driver/Src/stm32f4xx_hal_uart.o
                0x0000000008002fd8                HAL_UART_Init
 .text.HAL_UART_Transmit_IT
                0x0000000008003072       0x8a ./Drivers/STM32F4xx_HAL_Driver/Src/stm32f4xx_hal_uart.o
                0x0000000008003072                HAL_UART_Transmit_IT
 .text.HAL_UART_Receive_IT
                0x00000000080030fc       0x60 ./Drivers/STM32F4xx_HAL_Driver/Src/stm32f4xx_hal_uart.o
                0x00000000080030fc                HAL_UART_Receive_IT
 .text.HAL_UART_IRQHandler
                0x000000000800315c      0x51c ./Drivers/STM32F4xx_HAL_Driver/Src/stm32f4xx_hal_uart.o
                0x000000000800315c                HAL_UART_IRQHandler
 .text.HAL_UART_TxCpltCallback
                0x0000000008003678       0x14 ./Drivers/STM32F4xx_HAL_Driver/Src/stm32f4xx_hal_uart.o
                0x0000000008003678                HAL_UART_TxCpltCallback
 .text.HAL_UART_ErrorCallback
                0x000000000800368c       0x14 ./Drivers/STM32F4xx_HAL_Driver/Src/stm32f4xx_hal_uart.o
                0x000000000800368c                HAL_UART_ErrorCallback
 .text.HAL_UARTEx_RxEventCallback
                0x00000000080036a0       0x18 ./Drivers/STM32F4xx_HAL_Driver/Src/stm32f4xx_hal_uart.o
                0x00000000080036a0                HAL_UARTEx_RxEventCallback
 .text.UART_Start_Receive_IT
                0x00000000080036b8       0x7c ./Drivers/STM32F4xx_HAL_Driver/Src/stm32f4xx_hal_uart.o
                0x00000000080036b8                UART_Start_Receive_IT
 .text.UART_EndRxTransfer
                0x0000000008003734       0xc6 ./Drivers/STM32F4xx_HAL_Driver/Src/stm32f4xx_hal_uart.o
 .text.UART_DMAAbortOnError
                0x00000000080037fa       0x28 ./Drivers/STM32F4xx_HAL_Driver/Src/stm32f4xx_hal_uart.o
 .text.UART_Transmit_IT
                0x0000000008003822       0xa0 ./Drivers/STM32F4xx_HAL_Driver/Src/stm32f4xx_hal_uart.o
 .text.UART_EndTransmit_IT
                0x00000000080038c2       0x30 ./Drivers/STM32F4xx_HAL_Driver/Src/stm32f4xx_hal_uart.o
 .text.UART_Receive_IT
                0x00000000080038f2      0x176 ./Drivers/STM32F4xx_HAL_Driver/Src/stm32f4xx_hal_uart.o
 .text.UART_SetConfig
                0x0000000008003a68      0x4e8 ./Drivers/STM32F4xx_HAL_Driver/Src/stm32f4xx_hal_uart.o
 .text.__libc_init_array
                0x0000000008003f50       0x48 c:/st/stm32cubeide_1.9.0/stm32cubeide/plugins/com.st.stm32cube.ide.mcu.externaltools.gnu-tools-for-stm32.10.3-2021.10.win32_1.0.0.202111181127/tools/bin/../lib/gcc/arm-none-eabi/10.3.1/../../../../arm-none-eabi/lib/thumb/v7e-m+fp/hard\libc_nano.a(lib_a-init.o)
                0x0000000008003f50                __libc_init_array
 .text.memset   0x0000000008003f98       0x10 c:/st/stm32cubeide_1.9.0/stm32cubeide/plugins/com.st.stm32cube.ide.mcu.externaltools.gnu-tools-for-stm32.10.3-2021.10.win32_1.0.0.202111181127/tools/bin/../lib/gcc/arm-none-eabi/10.3.1/../../../../arm-none-eabi/lib/thumb/v7e-m+fp/hard\libc_nano.a(lib_a-memset.o)
                0x0000000008003f98                memset
 .text.strncat  0x0000000008003fa8       0x26 c:/st/stm32cubeide_1.9.0/stm32cubeide/plugins/com.st.stm32cube.ide.mcu.externaltools.gnu-tools-for-stm32.10.3-2021.10.win32_1.0.0.202111181127/tools/bin/../lib/gcc/arm-none-eabi/10.3.1/../../../../arm-none-eabi/lib/thumb/v7e-m+fp/hard\libc_nano.a(lib_a-strncat.o)
                0x0000000008003fa8                strncat
 *(.glue_7)
 .glue_7        0x0000000008003fce        0x0 linker stubs
 *(.glue_7t)
 .glue_7t       0x0000000008003fce        0x0 linker stubs
 *(.eh_frame)
 *fill*         0x0000000008003fce        0x2 
 .eh_frame      0x0000000008003fd0        0x0 c:/st/stm32cubeide_1.9.0/stm32cubeide/plugins/com.st.stm32cube.ide.mcu.externaltools.gnu-tools-for-stm32.10.3-2021.10.win32_1.0.0.202111181127/tools/bin/../lib/gcc/arm-none-eabi/10.3.1/thumb/v7e-m+fp/hard/crtbegin.o
 *(.init)
 .init          0x0000000008003fd0        0x4 c:/st/stm32cubeide_1.9.0/stm32cubeide/plugins/com.st.stm32cube.ide.mcu.externaltools.gnu-tools-for-stm32.10.3-2021.10.win32_1.0.0.202111181127/tools/bin/../lib/gcc/arm-none-eabi/10.3.1/thumb/v7e-m+fp/hard/crti.o
                0x0000000008003fd0                _init
 .init          0x0000000008003fd4        0x8 c:/st/stm32cubeide_1.9.0/stm32cubeide/plugins/com.st.stm32cube.ide.mcu.externaltools.gnu-tools-for-stm32.10.3-2021.10.win32_1.0.0.202111181127/tools/bin/../lib/gcc/arm-none-eabi/10.3.1/thumb/v7e-m+fp/hard/crtn.o
 *(.fini)
 .fini          0x0000000008003fdc        0x4 c:/st/stm32cubeide_1.9.0/stm32cubeide/plugins/com.st.stm32cube.ide.mcu.externaltools.gnu-tools-for-stm32.10.3-2021.10.win32_1.0.0.202111181127/tools/bin/../lib/gcc/arm-none-eabi/10.3.1/thumb/v7e-m+fp/hard/crti.o
                0x0000000008003fdc                _fini
 .fini          0x0000000008003fe0        0x8 c:/st/stm32cubeide_1.9.0/stm32cubeide/plugins/com.st.stm32cube.ide.mcu.externaltools.gnu-tools-for-stm32.10.3-2021.10.win32_1.0.0.202111181127/tools/bin/../lib/gcc/arm-none-eabi/10.3.1/thumb/v7e-m+fp/hard/crtn.o
                0x0000000008003fe8                . = ALIGN (0x4)
                0x0000000008003fe8                _etext = .

.vfp11_veneer   0x0000000008003fe8        0x0
 .vfp11_veneer  0x0000000008003fe8        0x0 linker stubs

.v4_bx          0x0000000008003fe8        0x0
 .v4_bx         0x0000000008003fe8        0x0 linker stubs

.iplt           0x0000000008003fe8        0x0
 .iplt          0x0000000008003fe8        0x0 c:/st/stm32cubeide_1.9.0/stm32cubeide/plugins/com.st.stm32cube.ide.mcu.externaltools.gnu-tools-for-stm32.10.3-2021.10.win32_1.0.0.202111181127/tools/bin/../lib/gcc/arm-none-eabi/10.3.1/thumb/v7e-m+fp/hard/crtbegin.o

.rodata         0x0000000008003fe8       0x2c
                0x0000000008003fe8                . = ALIGN (0x4)
 *(.rodata)
 .rodata        0x0000000008003fe8        0x8 ./Core/Src/main.o
 *(.rodata*)
 .rodata.RAMP   0x0000000008003ff0        0xb ./Core/Src/main.o
                0x0000000008003ff0                RAMP
 *fill*         0x0000000008003ffb        0x1 
 .rodata.AHBPrescTable
                0x0000000008003ffc       0x10 ./Core/Src/system_stm32f4xx.o
                0x0000000008003ffc                AHBPrescTable
 .rodata.APBPrescTable
                0x000000000800400c        0x8 ./Core/Src/system_stm32f4xx.o
                0x000000000800400c                APBPrescTable
                0x0000000008004014                . = ALIGN (0x4)

.ARM.extab      0x0000000008004014        0x0
                0x0000000008004014                . = ALIGN (0x4)
 *(.ARM.extab* .gnu.linkonce.armextab.*)
                0x0000000008004014                . = ALIGN (0x4)

.ARM            0x0000000008004014        0x8
                0x0000000008004014                . = ALIGN (0x4)
                0x0000000008004014                __exidx_start = .
 *(.ARM.exidx*)
 .ARM.exidx     0x0000000008004014        0x8 c:/st/stm32cubeide_1.9.0/stm32cubeide/plugins/com.st.stm32cube.ide.mcu.externaltools.gnu-tools-for-stm32.10.3-2021.10.win32_1.0.0.202111181127/tools/bin/../lib/gcc/arm-none-eabi/10.3.1/thumb/v7e-m+fp/hard\libgcc.a(_udivmoddi4.o)
                0x000000000800401c                __exidx_end = .
                0x000000000800401c                . = ALIGN (0x4)

.rel.dyn        0x000000000800401c        0x0
 .rel.iplt      0x000000000800401c        0x0 c:/st/stm32cubeide_1.9.0/stm32cubeide/plugins/com.st.stm32cube.ide.mcu.externaltools.gnu-tools-for-stm32.10.3-2021.10.win32_1.0.0.202111181127/tools/bin/../lib/gcc/arm-none-eabi/10.3.1/thumb/v7e-m+fp/hard/crtbegin.o

.preinit_array  0x000000000800401c        0x0
                0x000000000800401c                . = ALIGN (0x4)
                0x000000000800401c                PROVIDE (__preinit_array_start = .)
 *(.preinit_array*)
                0x000000000800401c                PROVIDE (__preinit_array_end = .)
                0x000000000800401c                . = ALIGN (0x4)

.init_array     0x000000000800401c        0x4
                0x000000000800401c                . = ALIGN (0x4)
                0x000000000800401c                PROVIDE (__init_array_start = .)
 *(SORT_BY_NAME(.init_array.*))
 *(.init_array*)
 .init_array    0x000000000800401c        0x4 c:/st/stm32cubeide_1.9.0/stm32cubeide/plugins/com.st.stm32cube.ide.mcu.externaltools.gnu-tools-for-stm32.10.3-2021.10.win32_1.0.0.202111181127/tools/bin/../lib/gcc/arm-none-eabi/10.3.1/thumb/v7e-m+fp/hard/crtbegin.o
                0x0000000008004020                PROVIDE (__init_array_end = .)
                0x0000000008004020                . = ALIGN (0x4)

.fini_array     0x0000000008004020        0x4
                0x0000000008004020                . = ALIGN (0x4)
                [!provide]                        PROVIDE (__fini_array_start = .)
 *(SORT_BY_NAME(.fini_array.*))
 *(.fini_array*)
 .fini_array    0x0000000008004020        0x4 c:/st/stm32cubeide_1.9.0/stm32cubeide/plugins/com.st.stm32cube.ide.mcu.externaltools.gnu-tools-for-stm32.10.3-2021.10.win32_1.0.0.202111181127/tools/bin/../lib/gcc/arm-none-eabi/10.3.1/thumb/v7e-m+fp/hard/crtbegin.o
                [!provide]                        PROVIDE (__fini_array_end = .)
                0x0000000008004024                . = ALIGN (0x4)
                0x0000000008004024                _sidata = LOADADDR (.data)

.data           0x0000000020000000       0x10 load address 0x0000000008004024
                0x0000000020000000                . = ALIGN (0x4)
                0x0000000020000000                _sdata = .
 *(.data)
 *(.data*)
 .data.up       0x0000000020000000        0x4 ./Core/Src/main.o
                0x0000000020000000                up
 .data.SystemCoreClock
                0x0000000020000004        0x4 ./Core/Src/system_stm32f4xx.o
                0x0000000020000004                SystemCoreClock
 .data.uwTickPrio
                0x0000000020000008        0x4 ./Drivers/STM32F4xx_HAL_Driver/Src/stm32f4xx_hal.o
                0x0000000020000008                uwTickPrio
 .data.uwTickFreq
                0x000000002000000c        0x1 ./Drivers/STM32F4xx_HAL_Driver/Src/stm32f4xx_hal.o
                0x000000002000000c                uwTickFreq
 *(.RamFunc)
 *(.RamFunc*)
                0x0000000020000010                . = ALIGN (0x4)
 *fill*         0x000000002000000d        0x3 
                0x0000000020000010                _edata = .

.igot.plt       0x0000000020000010        0x0 load address 0x0000000008004034
 .igot.plt      0x0000000020000010        0x0 c:/st/stm32cubeide_1.9.0/stm32cubeide/plugins/com.st.stm32cube.ide.mcu.externaltools.gnu-tools-for-stm32.10.3-2021.10.win32_1.0.0.202111181127/tools/bin/../lib/gcc/arm-none-eabi/10.3.1/thumb/v7e-m+fp/hard/crtbegin.o
                0x0000000020000010                . = ALIGN (0x4)

.bss            0x0000000020000010      0x504 load address 0x0000000008004034
                0x0000000020000010                _sbss = .
                0x0000000020000010                __bss_start__ = _sbss
 *(.bss)
 .bss           0x0000000020000010       0x1c c:/st/stm32cubeide_1.9.0/stm32cubeide/plugins/com.st.stm32cube.ide.mcu.externaltools.gnu-tools-for-stm32.10.3-2021.10.win32_1.0.0.202111181127/tools/bin/../lib/gcc/arm-none-eabi/10.3.1/thumb/v7e-m+fp/hard/crtbegin.o
 *(.bss*)
 .bss.htim3     0x000000002000002c       0x48 ./Core/Src/main.o
                0x000000002000002c                htim3
 .bss.htim4     0x0000000020000074       0x48 ./Core/Src/main.o
                0x0000000020000074                htim4
 .bss.huart2    0x00000000200000bc       0x44 ./Core/Src/main.o
                0x00000000200000bc                huart2
 .bss.UART_Rx_Buff
                0x0000000020000100        0x2 ./Core/Src/main.o
                0x0000000020000100                UART_Rx_Buff
 *fill*         0x0000000020000102        0x2 
 .bss.settings  0x0000000020000104        0x6 ./Core/Src/main.o
                0x0000000020000104                settings
 .bss.settings_i
                0x000000002000010a        0x1 ./Core/Src/main.o
                0x000000002000010a                settings_i
 *fill*         0x000000002000010b        0x1 
 .bss.y_count   0x000000002000010c        0x2 ./Core/Src/main.o
                0x000000002000010c                y_count
 .bss.frame_count
                0x000000002000010e        0x1 ./Core/Src/main.o
                0x000000002000010e                frame_count
 .bss.line_recieved
                0x000000002000010f        0x1 ./Core/Src/main.o
                0x000000002000010f                line_recieved
 .bss.settings_recieved
                0x0000000020000110        0x1 ./Core/Src/main.o
                0x0000000020000110                settings_recieved
 *fill*         0x0000000020000111        0x7 
 .bss.refresh_time
                0x0000000020000118        0x8 ./Core/Src/main.o
                0x0000000020000118                refresh_time
 .bss.response_time
                0x0000000020000120        0x8 ./Core/Src/main.o
                0x0000000020000120                response_time
 .bss.x_string  0x0000000020000128      0x1f4 ./Core/Src/main.o
                0x0000000020000128                x_string
 .bss.y_string  0x000000002000031c      0x1f4 ./Core/Src/main.o
                0x000000002000031c                y_string
 .bss.uwTick    0x0000000020000510        0x4 ./Drivers/STM32F4xx_HAL_Driver/Src/stm32f4xx_hal.o
                0x0000000020000510                uwTick
 *(COMMON)
                0x0000000020000514                . = ALIGN (0x4)
                0x0000000020000514                _ebss = .
                0x0000000020000514                __bss_end__ = _ebss

._user_heap_stack
                0x0000000020000514      0x604 load address 0x0000000008004034
                0x0000000020000518                . = ALIGN (0x8)
 *fill*         0x0000000020000514        0x4 
                [!provide]                        PROVIDE (end = .)
                0x0000000020000518                PROVIDE (_end = .)
                0x0000000020000718                . = (. + _Min_Heap_Size)
 *fill*         0x0000000020000518      0x200 
                0x0000000020000b18                . = (. + _Min_Stack_Size)
 *fill*         0x0000000020000718      0x400 
                0x0000000020000b18                . = ALIGN (0x8)

/DISCARD/
 libc.a(*)
 libm.a(*)
 libgcc.a(*)

.ARM.attributes
                0x0000000000000000       0x30
 *(.ARM.attributes)
 .ARM.attributes
                0x0000000000000000       0x1e c:/st/stm32cubeide_1.9.0/stm32cubeide/plugins/com.st.stm32cube.ide.mcu.externaltools.gnu-tools-for-stm32.10.3-2021.10.win32_1.0.0.202111181127/tools/bin/../lib/gcc/arm-none-eabi/10.3.1/thumb/v7e-m+fp/hard/crti.o
 .ARM.attributes
                0x000000000000001e       0x34 c:/st/stm32cubeide_1.9.0/stm32cubeide/plugins/com.st.stm32cube.ide.mcu.externaltools.gnu-tools-for-stm32.10.3-2021.10.win32_1.0.0.202111181127/tools/bin/../lib/gcc/arm-none-eabi/10.3.1/thumb/v7e-m+fp/hard/crtbegin.o
 .ARM.attributes
                0x0000000000000052       0x34 ./Core/Src/main.o
 .ARM.attributes
                0x0000000000000086       0x34 ./Core/Src/stm32f4xx_hal_msp.o
 .ARM.attributes
                0x00000000000000ba       0x34 ./Core/Src/stm32f4xx_it.o
 .ARM.attributes
                0x00000000000000ee       0x34 ./Core/Src/system_stm32f4xx.o
 .ARM.attributes
                0x0000000000000122       0x21 ./Core/Startup/startup_stm32f446retx.o
 .ARM.attributes
                0x0000000000000143       0x34 ./Drivers/STM32F4xx_HAL_Driver/Src/stm32f4xx_hal.o
 .ARM.attributes
                0x0000000000000177       0x34 ./Drivers/STM32F4xx_HAL_Driver/Src/stm32f4xx_hal_cortex.o
 .ARM.attributes
                0x00000000000001ab       0x34 ./Drivers/STM32F4xx_HAL_Driver/Src/stm32f4xx_hal_dma.o
 .ARM.attributes
                0x00000000000001df       0x34 ./Drivers/STM32F4xx_HAL_Driver/Src/stm32f4xx_hal_gpio.o
 .ARM.attributes
                0x0000000000000213       0x34 ./Drivers/STM32F4xx_HAL_Driver/Src/stm32f4xx_hal_rcc.o
 .ARM.attributes
                0x0000000000000247       0x34 ./Drivers/STM32F4xx_HAL_Driver/Src/stm32f4xx_hal_rcc_ex.o
 .ARM.attributes
                0x000000000000027b       0x34 ./Drivers/STM32F4xx_HAL_Driver/Src/stm32f4xx_hal_tim.o
 .ARM.attributes
                0x00000000000002af       0x34 ./Drivers/STM32F4xx_HAL_Driver/Src/stm32f4xx_hal_tim_ex.o
 .ARM.attributes
                0x00000000000002e3       0x34 ./Drivers/STM32F4xx_HAL_Driver/Src/stm32f4xx_hal_uart.o
 .ARM.attributes
                0x0000000000000317       0x34 c:/st/stm32cubeide_1.9.0/stm32cubeide/plugins/com.st.stm32cube.ide.mcu.externaltools.gnu-tools-for-stm32.10.3-2021.10.win32_1.0.0.202111181127/tools/bin/../lib/gcc/arm-none-eabi/10.3.1/../../../../arm-none-eabi/lib/thumb/v7e-m+fp/hard\libc_nano.a(lib_a-init.o)
 .ARM.attributes
                0x000000000000034b       0x34 c:/st/stm32cubeide_1.9.0/stm32cubeide/plugins/com.st.stm32cube.ide.mcu.externaltools.gnu-tools-for-stm32.10.3-2021.10.win32_1.0.0.202111181127/tools/bin/../lib/gcc/arm-none-eabi/10.3.1/../../../../arm-none-eabi/lib/thumb/v7e-m+fp/hard\libc_nano.a(lib_a-memset.o)
 .ARM.attributes
                0x000000000000037f       0x17 c:/st/stm32cubeide_1.9.0/stm32cubeide/plugins/com.st.stm32cube.ide.mcu.externaltools.gnu-tools-for-stm32.10.3-2021.10.win32_1.0.0.202111181127/tools/bin/../lib/gcc/arm-none-eabi/10.3.1/../../../../arm-none-eabi/lib/thumb/v7e-m+fp/hard\libc_nano.a(lib_a-strlen.o)
 .ARM.attributes
                0x0000000000000396       0x34 c:/st/stm32cubeide_1.9.0/stm32cubeide/plugins/com.st.stm32cube.ide.mcu.externaltools.gnu-tools-for-stm32.10.3-2021.10.win32_1.0.0.202111181127/tools/bin/../lib/gcc/arm-none-eabi/10.3.1/../../../../arm-none-eabi/lib/thumb/v7e-m+fp/hard\libc_nano.a(lib_a-strncat.o)
 .ARM.attributes
                0x00000000000003ca       0x1e c:/st/stm32cubeide_1.9.0/stm32cubeide/plugins/com.st.stm32cube.ide.mcu.externaltools.gnu-tools-for-stm32.10.3-2021.10.win32_1.0.0.202111181127/tools/bin/../lib/gcc/arm-none-eabi/10.3.1/thumb/v7e-m+fp/hard\libgcc.a(_arm_addsubdf3.o)
 .ARM.attributes
                0x00000000000003e8       0x1e c:/st/stm32cubeide_1.9.0/stm32cubeide/plugins/com.st.stm32cube.ide.mcu.externaltools.gnu-tools-for-stm32.10.3-2021.10.win32_1.0.0.202111181127/tools/bin/../lib/gcc/arm-none-eabi/10.3.1/thumb/v7e-m+fp/hard\libgcc.a(_arm_muldivdf3.o)
 .ARM.attributes
                0x0000000000000406       0x1e c:/st/stm32cubeide_1.9.0/stm32cubeide/plugins/com.st.stm32cube.ide.mcu.externaltools.gnu-tools-for-stm32.10.3-2021.10.win32_1.0.0.202111181127/tools/bin/../lib/gcc/arm-none-eabi/10.3.1/thumb/v7e-m+fp/hard\libgcc.a(_aeabi_uldivmod.o)
 .ARM.attributes
                0x0000000000000424       0x34 c:/st/stm32cubeide_1.9.0/stm32cubeide/plugins/com.st.stm32cube.ide.mcu.externaltools.gnu-tools-for-stm32.10.3-2021.10.win32_1.0.0.202111181127/tools/bin/../lib/gcc/arm-none-eabi/10.3.1/thumb/v7e-m+fp/hard\libgcc.a(_udivmoddi4.o)
 .ARM.attributes
                0x0000000000000458       0x1e c:/st/stm32cubeide_1.9.0/stm32cubeide/plugins/com.st.stm32cube.ide.mcu.externaltools.gnu-tools-for-stm32.10.3-2021.10.win32_1.0.0.202111181127/tools/bin/../lib/gcc/arm-none-eabi/10.3.1/thumb/v7e-m+fp/hard\libgcc.a(_dvmd_tls.o)
 .ARM.attributes
                0x0000000000000476       0x1e c:/st/stm32cubeide_1.9.0/stm32cubeide/plugins/com.st.stm32cube.ide.mcu.externaltools.gnu-tools-for-stm32.10.3-2021.10.win32_1.0.0.202111181127/tools/bin/../lib/gcc/arm-none-eabi/10.3.1/thumb/v7e-m+fp/hard/crtn.o
OUTPUT(SemesterProject.elf elf32-littlearm)
LOAD linker stubs
LOAD c:/st/stm32cubeide_1.9.0/stm32cubeide/plugins/com.st.stm32cube.ide.mcu.externaltools.gnu-tools-for-stm32.10.3-2021.10.win32_1.0.0.202111181127/tools/bin/../lib/gcc/arm-none-eabi/10.3.1/../../../../arm-none-eabi/lib/thumb/v7e-m+fp/hard\libc.a
LOAD c:/st/stm32cubeide_1.9.0/stm32cubeide/plugins/com.st.stm32cube.ide.mcu.externaltools.gnu-tools-for-stm32.10.3-2021.10.win32_1.0.0.202111181127/tools/bin/../lib/gcc/arm-none-eabi/10.3.1/../../../../arm-none-eabi/lib/thumb/v7e-m+fp/hard\libm.a
LOAD c:/st/stm32cubeide_1.9.0/stm32cubeide/plugins/com.st.stm32cube.ide.mcu.externaltools.gnu-tools-for-stm32.10.3-2021.10.win32_1.0.0.202111181127/tools/bin/../lib/gcc/arm-none-eabi/10.3.1/thumb/v7e-m+fp/hard\libgcc.a

.debug_info     0x0000000000000000     0xdfbf
 .debug_info    0x0000000000000000     0x13c0 ./Core/Src/main.o
 .debug_info    0x00000000000013c0     0x1014 ./Core/Src/stm32f4xx_hal_msp.o
 .debug_info    0x00000000000023d4      0x665 ./Core/Src/stm32f4xx_it.o
 .debug_info    0x0000000000002a39      0x55b ./Core/Src/system_stm32f4xx.o
 .debug_info    0x0000000000002f94       0x22 ./Core/Startup/startup_stm32f446retx.o
 .debug_info    0x0000000000002fb6      0x9d2 ./Drivers/STM32F4xx_HAL_Driver/Src/stm32f4xx_hal.o
 .debug_info    0x0000000000003988      0xe39 ./Drivers/STM32F4xx_HAL_Driver/Src/stm32f4xx_hal_cortex.o
 .debug_info    0x00000000000047c1      0x94f ./Drivers/STM32F4xx_HAL_Driver/Src/stm32f4xx_hal_dma.o
 .debug_info    0x0000000000005110      0x7be ./Drivers/STM32F4xx_HAL_Driver/Src/stm32f4xx_hal_gpio.o
 .debug_info    0x00000000000058ce      0x9ab ./Drivers/STM32F4xx_HAL_Driver/Src/stm32f4xx_hal_rcc.o
 .debug_info    0x0000000000006279      0x9ec ./Drivers/STM32F4xx_HAL_Driver/Src/stm32f4xx_hal_rcc_ex.o
 .debug_info    0x0000000000006c65     0x2bbe ./Drivers/STM32F4xx_HAL_Driver/Src/stm32f4xx_hal_tim.o
 .debug_info    0x0000000000009823     0x15e0 ./Drivers/STM32F4xx_HAL_Driver/Src/stm32f4xx_hal_tim_ex.o
 .debug_info    0x000000000000ae03     0x31bc ./Drivers/STM32F4xx_HAL_Driver/Src/stm32f4xx_hal_uart.o

.debug_abbrev   0x0000000000000000     0x1d13
 .debug_abbrev  0x0000000000000000      0x300 ./Core/Src/main.o
 .debug_abbrev  0x0000000000000300      0x1e8 ./Core/Src/stm32f4xx_hal_msp.o
 .debug_abbrev  0x00000000000004e8      0x166 ./Core/Src/stm32f4xx_it.o
 .debug_abbrev  0x000000000000064e      0x116 ./Core/Src/system_stm32f4xx.o
 .debug_abbrev  0x0000000000000764       0x12 ./Core/Startup/startup_stm32f446retx.o
 .debug_abbrev  0x0000000000000776      0x20d ./Drivers/STM32F4xx_HAL_Driver/Src/stm32f4xx_hal.o
 .debug_abbrev  0x0000000000000983      0x316 ./Drivers/STM32F4xx_HAL_Driver/Src/stm32f4xx_hal_cortex.o
 .debug_abbrev  0x0000000000000c99      0x25b ./Drivers/STM32F4xx_HAL_Driver/Src/stm32f4xx_hal_dma.o
 .debug_abbrev  0x0000000000000ef4      0x1c4 ./Drivers/STM32F4xx_HAL_Driver/Src/stm32f4xx_hal_gpio.o
 .debug_abbrev  0x00000000000010b8      0x2aa ./Drivers/STM32F4xx_HAL_Driver/Src/stm32f4xx_hal_rcc.o
 .debug_abbrev  0x0000000000001362      0x1fb ./Drivers/STM32F4xx_HAL_Driver/Src/stm32f4xx_hal_rcc_ex.o
 .debug_abbrev  0x000000000000155d      0x25d ./Drivers/STM32F4xx_HAL_Driver/Src/stm32f4xx_hal_tim.o
 .debug_abbrev  0x00000000000017ba      0x265 ./Drivers/STM32F4xx_HAL_Driver/Src/stm32f4xx_hal_tim_ex.o
 .debug_abbrev  0x0000000000001a1f      0x2f4 ./Drivers/STM32F4xx_HAL_Driver/Src/stm32f4xx_hal_uart.o

.debug_aranges  0x0000000000000000      0xc90
 .debug_aranges
                0x0000000000000000       0x70 ./Core/Src/main.o
 .debug_aranges
                0x0000000000000070       0x40 ./Core/Src/stm32f4xx_hal_msp.o
 .debug_aranges
                0x00000000000000b0       0x68 ./Core/Src/stm32f4xx_it.o
 .debug_aranges
                0x0000000000000118       0x28 ./Core/Src/system_stm32f4xx.o
 .debug_aranges
                0x0000000000000140       0x28 ./Core/Startup/startup_stm32f446retx.o
 .debug_aranges
                0x0000000000000168       0xf0 ./Drivers/STM32F4xx_HAL_Driver/Src/stm32f4xx_hal.o
 .debug_aranges
                0x0000000000000258      0x118 ./Drivers/STM32F4xx_HAL_Driver/Src/stm32f4xx_hal_cortex.o
 .debug_aranges
                0x0000000000000370       0x90 ./Drivers/STM32F4xx_HAL_Driver/Src/stm32f4xx_hal_dma.o
 .debug_aranges
                0x0000000000000400       0x58 ./Drivers/STM32F4xx_HAL_Driver/Src/stm32f4xx_hal_gpio.o
 .debug_aranges
                0x0000000000000458       0x88 ./Drivers/STM32F4xx_HAL_Driver/Src/stm32f4xx_hal_rcc.o
 .debug_aranges
                0x00000000000004e0       0x78 ./Drivers/STM32F4xx_HAL_Driver/Src/stm32f4xx_hal_rcc_ex.o
 .debug_aranges
                0x0000000000000558      0x3d0 ./Drivers/STM32F4xx_HAL_Driver/Src/stm32f4xx_hal_tim.o
 .debug_aranges
                0x0000000000000928      0x168 ./Drivers/STM32F4xx_HAL_Driver/Src/stm32f4xx_hal_tim_ex.o
 .debug_aranges
                0x0000000000000a90      0x200 ./Drivers/STM32F4xx_HAL_Driver/Src/stm32f4xx_hal_uart.o

.debug_ranges   0x0000000000000000      0xbe8
 .debug_ranges  0x0000000000000000       0x60 ./Core/Src/main.o
 .debug_ranges  0x0000000000000060       0x30 ./Core/Src/stm32f4xx_hal_msp.o
 .debug_ranges  0x0000000000000090       0x58 ./Core/Src/stm32f4xx_it.o
 .debug_ranges  0x00000000000000e8       0x18 ./Core/Src/system_stm32f4xx.o
 .debug_ranges  0x0000000000000100       0x20 ./Core/Startup/startup_stm32f446retx.o
 .debug_ranges  0x0000000000000120       0xe0 ./Drivers/STM32F4xx_HAL_Driver/Src/stm32f4xx_hal.o
 .debug_ranges  0x0000000000000200      0x108 ./Drivers/STM32F4xx_HAL_Driver/Src/stm32f4xx_hal_cortex.o
 .debug_ranges  0x0000000000000308       0x80 ./Drivers/STM32F4xx_HAL_Driver/Src/stm32f4xx_hal_dma.o
 .debug_ranges  0x0000000000000388       0x48 ./Drivers/STM32F4xx_HAL_Driver/Src/stm32f4xx_hal_gpio.o
 .debug_ranges  0x00000000000003d0       0x78 ./Drivers/STM32F4xx_HAL_Driver/Src/stm32f4xx_hal_rcc.o
 .debug_ranges  0x0000000000000448       0x68 ./Drivers/STM32F4xx_HAL_Driver/Src/stm32f4xx_hal_rcc_ex.o
 .debug_ranges  0x00000000000004b0      0x3c0 ./Drivers/STM32F4xx_HAL_Driver/Src/stm32f4xx_hal_tim.o
 .debug_ranges  0x0000000000000870      0x158 ./Drivers/STM32F4xx_HAL_Driver/Src/stm32f4xx_hal_tim_ex.o
 .debug_ranges  0x00000000000009c8      0x220 ./Drivers/STM32F4xx_HAL_Driver/Src/stm32f4xx_hal_uart.o

.debug_macro    0x0000000000000000    0x2189a
 .debug_macro   0x0000000000000000      0x2ab ./Core/Src/main.o
 .debug_macro   0x00000000000002ab      0xa78 ./Core/Src/main.o
 .debug_macro   0x0000000000000d23      0x29b ./Core/Src/main.o
 .debug_macro   0x0000000000000fbe       0x2e ./Core/Src/main.o
 .debug_macro   0x0000000000000fec       0x28 ./Core/Src/main.o
 .debug_macro   0x0000000000001014       0x22 ./Core/Src/main.o
 .debug_macro   0x0000000000001036       0x8e ./Core/Src/main.o
 .debug_macro   0x00000000000010c4       0x51 ./Core/Src/main.o
 .debug_macro   0x0000000000001115      0x103 ./Core/Src/main.o
 .debug_macro   0x0000000000001218       0x6a ./Core/Src/main.o
 .debug_macro   0x0000000000001282      0x1df ./Core/Src/main.o
 .debug_macro   0x0000000000001461       0x1c ./Core/Src/main.o
 .debug_macro   0x000000000000147d       0x22 ./Core/Src/main.o
 .debug_macro   0x000000000000149f       0xd9 ./Core/Src/main.o
 .debug_macro   0x0000000000001578     0x102d ./Core/Src/main.o
 .debug_macro   0x00000000000025a5      0x11f ./Core/Src/main.o
 .debug_macro   0x00000000000026c4    0x16749 ./Core/Src/main.o
 .debug_macro   0x0000000000018e0d       0x6d ./Core/Src/main.o
 .debug_macro   0x0000000000018e7a     0x367e ./Core/Src/main.o
 .debug_macro   0x000000000001c4f8      0x174 ./Core/Src/main.o
 .debug_macro   0x000000000001c66c       0x5c ./Core/Src/main.o
 .debug_macro   0x000000000001c6c8      0xc90 ./Core/Src/main.o
 .debug_macro   0x000000000001d358      0x9fe ./Core/Src/main.o
 .debug_macro   0x000000000001dd56      0x115 ./Core/Src/main.o
 .debug_macro   0x000000000001de6b      0x1a0 ./Core/Src/main.o
 .debug_macro   0x000000000001e00b       0xa5 ./Core/Src/main.o
 .debug_macro   0x000000000001e0b0      0x16d ./Core/Src/main.o
 .debug_macro   0x000000000001e21d      0x287 ./Core/Src/main.o
 .debug_macro   0x000000000001e4a4       0x5f ./Core/Src/main.o
 .debug_macro   0x000000000001e503      0x236 ./Core/Src/main.o
 .debug_macro   0x000000000001e739      0x132 ./Core/Src/main.o
 .debug_macro   0x000000000001e86b      0x29c ./Core/Src/main.o
 .debug_macro   0x000000000001eb07       0x2e ./Core/Src/main.o
 .debug_macro   0x000000000001eb35      0x11a ./Core/Src/main.o
 .debug_macro   0x000000000001ec4f       0xe8 ./Core/Src/main.o
 .debug_macro   0x000000000001ed37       0x89 ./Core/Src/main.o
 .debug_macro   0x000000000001edc0      0x8e6 ./Core/Src/main.o
 .debug_macro   0x000000000001f6a6       0x4d ./Core/Src/main.o
 .debug_macro   0x000000000001f6f3      0x295 ./Core/Src/main.o
 .debug_macro   0x000000000001f988      0x126 ./Core/Src/main.o
 .debug_macro   0x000000000001faae       0x58 ./Core/Src/main.o
 .debug_macro   0x000000000001fb06       0x52 ./Core/Src/main.o
 .debug_macro   0x000000000001fb58       0x1e ./Core/Src/main.o
 .debug_macro   0x000000000001fb76       0x3c ./Core/Src/main.o
 .debug_macro   0x000000000001fbb2       0x34 ./Core/Src/main.o
 .debug_macro   0x000000000001fbe6       0x16 ./Core/Src/main.o
 .debug_macro   0x000000000001fbfc       0x43 ./Core/Src/main.o
 .debug_macro   0x000000000001fc3f       0x34 ./Core/Src/main.o
 .debug_macro   0x000000000001fc73       0x10 ./Core/Src/main.o
 .debug_macro   0x000000000001fc83       0x58 ./Core/Src/main.o
 .debug_macro   0x000000000001fcdb       0x71 ./Core/Src/main.o
 .debug_macro   0x000000000001fd4c       0x1c ./Core/Src/main.o
 .debug_macro   0x000000000001fd68      0x12a ./Core/Src/main.o
 .debug_macro   0x000000000001fe92      0x341 ./Core/Src/main.o
 .debug_macro   0x00000000000201d3       0x10 ./Core/Src/main.o
 .debug_macro   0x00000000000201e3       0x35 ./Core/Src/main.o
 .debug_macro   0x0000000000020218       0x20 ./Core/Src/main.o
 .debug_macro   0x0000000000020238      0x1dd ./Core/Src/stm32f4xx_hal_msp.o
 .debug_macro   0x0000000000020415      0x1e7 ./Core/Src/stm32f4xx_it.o
 .debug_macro   0x00000000000205fc      0x1ce ./Core/Src/system_stm32f4xx.o
 .debug_macro   0x00000000000207ca      0x22e ./Drivers/STM32F4xx_HAL_Driver/Src/stm32f4xx_hal.o
 .debug_macro   0x00000000000209f8      0x1ce ./Drivers/STM32F4xx_HAL_Driver/Src/stm32f4xx_hal_cortex.o
 .debug_macro   0x0000000000020bc6      0x1d4 ./Drivers/STM32F4xx_HAL_Driver/Src/stm32f4xx_hal_dma.o
 .debug_macro   0x0000000000020d9a      0x1d4 ./Drivers/STM32F4xx_HAL_Driver/Src/stm32f4xx_hal_gpio.o
 .debug_macro   0x0000000000020f6e      0x1f2 ./Drivers/STM32F4xx_HAL_Driver/Src/stm32f4xx_hal_rcc.o
 .debug_macro   0x0000000000021160      0x1ce ./Drivers/STM32F4xx_HAL_Driver/Src/stm32f4xx_hal_rcc_ex.o
 .debug_macro   0x000000000002132e      0x1cf ./Drivers/STM32F4xx_HAL_Driver/Src/stm32f4xx_hal_tim.o
 .debug_macro   0x00000000000214fd      0x1ce ./Drivers/STM32F4xx_HAL_Driver/Src/stm32f4xx_hal_tim_ex.o
 .debug_macro   0x00000000000216cb      0x1cf ./Drivers/STM32F4xx_HAL_Driver/Src/stm32f4xx_hal_uart.o

.debug_line     0x0000000000000000     0xed6b
 .debug_line    0x0000000000000000      0xb7d ./Core/Src/main.o
 .debug_line    0x0000000000000b7d      0x760 ./Core/Src/stm32f4xx_hal_msp.o
 .debug_line    0x00000000000012dd      0x792 ./Core/Src/stm32f4xx_it.o
 .debug_line    0x0000000000001a6f      0x739 ./Core/Src/system_stm32f4xx.o
 .debug_line    0x00000000000021a8       0x88 ./Core/Startup/startup_stm32f446retx.o
 .debug_line    0x0000000000002230      0x99f ./Drivers/STM32F4xx_HAL_Driver/Src/stm32f4xx_hal.o
 .debug_line    0x0000000000002bcf      0xc4e ./Drivers/STM32F4xx_HAL_Driver/Src/stm32f4xx_hal_cortex.o
 .debug_line    0x000000000000381d      0xf03 ./Drivers/STM32F4xx_HAL_Driver/Src/stm32f4xx_hal_dma.o
 .debug_line    0x0000000000004720      0xaff ./Drivers/STM32F4xx_HAL_Driver/Src/stm32f4xx_hal_gpio.o
 .debug_line    0x000000000000521f      0xd27 ./Drivers/STM32F4xx_HAL_Driver/Src/stm32f4xx_hal_rcc.o
 .debug_line    0x0000000000005f46     0x13b2 ./Drivers/STM32F4xx_HAL_Driver/Src/stm32f4xx_hal_rcc_ex.o
 .debug_line    0x00000000000072f8     0x3693 ./Drivers/STM32F4xx_HAL_Driver/Src/stm32f4xx_hal_tim.o
 .debug_line    0x000000000000a98b     0x199c ./Drivers/STM32F4xx_HAL_Driver/Src/stm32f4xx_hal_tim_ex.o
 .debug_line    0x000000000000c327     0x2a44 ./Drivers/STM32F4xx_HAL_Driver/Src/stm32f4xx_hal_uart.o

.debug_str      0x0000000000000000    0xcfb6b
 .debug_str     0x0000000000000000    0xcc854 ./Core/Src/main.o
                                      0xccbcc (size before relaxing)
 .debug_str     0x00000000000cc854      0x5fb ./Core/Src/stm32f4xx_hal_msp.o
                                      0xc9f26 (size before relaxing)
 .debug_str     0x00000000000cce4f       0xef ./Core/Src/stm32f4xx_it.o
                                      0xc957b (size before relaxing)
 .debug_str     0x00000000000ccf3e       0xdb ./Core/Src/system_stm32f4xx.o
                                      0xc911c (size before relaxing)
 .debug_str     0x00000000000cd019       0x7f ./Core/Startup/startup_stm32f446retx.o
 .debug_str     0x00000000000cd098      0x5fa ./Drivers/STM32F4xx_HAL_Driver/Src/stm32f4xx_hal.o
                                      0xc9ce1 (size before relaxing)
 .debug_str     0x00000000000cd692      0x32d ./Drivers/STM32F4xx_HAL_Driver/Src/stm32f4xx_hal_cortex.o
                                      0xc99ef (size before relaxing)
 .debug_str     0x00000000000cd9bf      0x31d ./Drivers/STM32F4xx_HAL_Driver/Src/stm32f4xx_hal_dma.o
                                      0xc9511 (size before relaxing)
 .debug_str     0x00000000000cdcdc      0x121 ./Drivers/STM32F4xx_HAL_Driver/Src/stm32f4xx_hal_gpio.o
                                      0xc9297 (size before relaxing)
 .debug_str     0x00000000000cddfd      0x233 ./Drivers/STM32F4xx_HAL_Driver/Src/stm32f4xx_hal_rcc.o
                                      0xc9555 (size before relaxing)
 .debug_str     0x00000000000ce030      0x324 ./Drivers/STM32F4xx_HAL_Driver/Src/stm32f4xx_hal_rcc_ex.o
                                      0xc9588 (size before relaxing)
 .debug_str     0x00000000000ce354      0xddc ./Drivers/STM32F4xx_HAL_Driver/Src/stm32f4xx_hal_tim.o
                                      0xca471 (size before relaxing)
 .debug_str     0x00000000000cf130      0x493 ./Drivers/STM32F4xx_HAL_Driver/Src/stm32f4xx_hal_tim_ex.o
                                      0xc9c8d (size before relaxing)
 .debug_str     0x00000000000cf5c3      0x5a8 ./Drivers/STM32F4xx_HAL_Driver/Src/stm32f4xx_hal_uart.o
                                      0xc9aca (size before relaxing)

.comment        0x0000000000000000       0x50
 .comment       0x0000000000000000       0x50 ./Core/Src/main.o
                                         0x51 (size before relaxing)
 .comment       0x0000000000000050       0x51 ./Core/Src/stm32f4xx_hal_msp.o
 .comment       0x0000000000000050       0x51 ./Core/Src/stm32f4xx_it.o
 .comment       0x0000000000000050       0x51 ./Core/Src/system_stm32f4xx.o
 .comment       0x0000000000000050       0x51 ./Drivers/STM32F4xx_HAL_Driver/Src/stm32f4xx_hal.o
 .comment       0x0000000000000050       0x51 ./Drivers/STM32F4xx_HAL_Driver/Src/stm32f4xx_hal_cortex.o
 .comment       0x0000000000000050       0x51 ./Drivers/STM32F4xx_HAL_Driver/Src/stm32f4xx_hal_dma.o
 .comment       0x0000000000000050       0x51 ./Drivers/STM32F4xx_HAL_Driver/Src/stm32f4xx_hal_gpio.o
 .comment       0x0000000000000050       0x51 ./Drivers/STM32F4xx_HAL_Driver/Src/stm32f4xx_hal_rcc.o
 .comment       0x0000000000000050       0x51 ./Drivers/STM32F4xx_HAL_Driver/Src/stm32f4xx_hal_rcc_ex.o
 .comment       0x0000000000000050       0x51 ./Drivers/STM32F4xx_HAL_Driver/Src/stm32f4xx_hal_tim.o
 .comment       0x0000000000000050       0x51 ./Drivers/STM32F4xx_HAL_Driver/Src/stm32f4xx_hal_tim_ex.o
 .comment       0x0000000000000050       0x51 ./Drivers/STM32F4xx_HAL_Driver/Src/stm32f4xx_hal_uart.o

.debug_frame    0x0000000000000000     0x3644
 .debug_frame   0x0000000000000000      0x180 ./Core/Src/main.o
 .debug_frame   0x0000000000000180       0xcc ./Core/Src/stm32f4xx_hal_msp.o
 .debug_frame   0x000000000000024c      0x120 ./Core/Src/stm32f4xx_it.o
 .debug_frame   0x000000000000036c       0x58 ./Core/Src/system_stm32f4xx.o
 .debug_frame   0x00000000000003c4      0x374 ./Drivers/STM32F4xx_HAL_Driver/Src/stm32f4xx_hal.o
 .debug_frame   0x0000000000000738      0x498 ./Drivers/STM32F4xx_HAL_Driver/Src/stm32f4xx_hal_cortex.o
 .debug_frame   0x0000000000000bd0      0x250 ./Drivers/STM32F4xx_HAL_Driver/Src/stm32f4xx_hal_dma.o
 .debug_frame   0x0000000000000e20      0x14c ./Drivers/STM32F4xx_HAL_Driver/Src/stm32f4xx_hal_gpio.o
 .debug_frame   0x0000000000000f6c      0x1f4 ./Drivers/STM32F4xx_HAL_Driver/Src/stm32f4xx_hal_rcc.o
 .debug_frame   0x0000000000001160      0x1e8 ./Drivers/STM32F4xx_HAL_Driver/Src/stm32f4xx_hal_rcc_ex.o
 .debug_frame   0x0000000000001348     0x11c4 ./Drivers/STM32F4xx_HAL_Driver/Src/stm32f4xx_hal_tim.o
 .debug_frame   0x000000000000250c      0x638 ./Drivers/STM32F4xx_HAL_Driver/Src/stm32f4xx_hal_tim_ex.o
 .debug_frame   0x0000000000002b44      0x92c ./Drivers/STM32F4xx_HAL_Driver/Src/stm32f4xx_hal_uart.o
 .debug_frame   0x0000000000003470       0x2c c:/st/stm32cubeide_1.9.0/stm32cubeide/plugins/com.st.stm32cube.ide.mcu.externaltools.gnu-tools-for-stm32.10.3-2021.10.win32_1.0.0.202111181127/tools/bin/../lib/gcc/arm-none-eabi/10.3.1/../../../../arm-none-eabi/lib/thumb/v7e-m+fp/hard\libc_nano.a(lib_a-init.o)
 .debug_frame   0x000000000000349c       0x20 c:/st/stm32cubeide_1.9.0/stm32cubeide/plugins/com.st.stm32cube.ide.mcu.externaltools.gnu-tools-for-stm32.10.3-2021.10.win32_1.0.0.202111181127/tools/bin/../lib/gcc/arm-none-eabi/10.3.1/../../../../arm-none-eabi/lib/thumb/v7e-m+fp/hard\libc_nano.a(lib_a-memset.o)
 .debug_frame   0x00000000000034bc       0x2c c:/st/stm32cubeide_1.9.0/stm32cubeide/plugins/com.st.stm32cube.ide.mcu.externaltools.gnu-tools-for-stm32.10.3-2021.10.win32_1.0.0.202111181127/tools/bin/../lib/gcc/arm-none-eabi/10.3.1/../../../../arm-none-eabi/lib/thumb/v7e-m+fp/hard\libc_nano.a(lib_a-strncat.o)
 .debug_frame   0x00000000000034e8       0xac c:/st/stm32cubeide_1.9.0/stm32cubeide/plugins/com.st.stm32cube.ide.mcu.externaltools.gnu-tools-for-stm32.10.3-2021.10.win32_1.0.0.202111181127/tools/bin/../lib/gcc/arm-none-eabi/10.3.1/thumb/v7e-m+fp/hard\libgcc.a(_arm_addsubdf3.o)
 .debug_frame   0x0000000000003594       0x50 c:/st/stm32cubeide_1.9.0/stm32cubeide/plugins/com.st.stm32cube.ide.mcu.externaltools.gnu-tools-for-stm32.10.3-2021.10.win32_1.0.0.202111181127/tools/bin/../lib/gcc/arm-none-eabi/10.3.1/thumb/v7e-m+fp/hard\libgcc.a(_arm_muldivdf3.o)
 .debug_frame   0x00000000000035e4       0x2c c:/st/stm32cubeide_1.9.0/stm32cubeide/plugins/com.st.stm32cube.ide.mcu.externaltools.gnu-tools-for-stm32.10.3-2021.10.win32_1.0.0.202111181127/tools/bin/../lib/gcc/arm-none-eabi/10.3.1/thumb/v7e-m+fp/hard\libgcc.a(_aeabi_uldivmod.o)
 .debug_frame   0x0000000000003610       0x34 c:/st/stm32cubeide_1.9.0/stm32cubeide/plugins/com.st.stm32cube.ide.mcu.externaltools.gnu-tools-for-stm32.10.3-2021.10.win32_1.0.0.202111181127/tools/bin/../lib/gcc/arm-none-eabi/10.3.1/thumb/v7e-m+fp/hard\libgcc.a(_udivmoddi4.o)
